---
source: crates/velme-cli/tests/check.rs
expression: json
input_file: tests/golden/parser/reject/tab_nested.velme
---
{
  "diagnostics": [
    {
      "code": "VL0103",
      "file": "tests/golden/parser/reject/tab_nested.velme",
      "help": "replace the tab with spaces",
      "labels": [],
      "message": "Please indent with spaces, not tabs.",
      "notes": [],
      "severity": "error",
      "span": {
        "column": 1,
        "end": 170,
        "line": 5,
        "start": 169
      }
    },
    {
      "code": "VL0103",
      "file": "tests/golden/parser/reject/tab_nested.velme",
      "help": "replace the tab with spaces",
      "labels": [],
      "message": "Please indent with spaces, not tabs.",
      "notes": [],
      "severity": "error",
      "span": {
        "column": 1,
        "end": 186,
        "line": 6,
        "start": 185
      }
    }
  ],
  "format": "velme-cli/1",
  "notices": [],
  "results": [],
  "status": "failed"
}
