---
source: crates/velme-cli/tests/codes.rs
expression: redact(&pretty)
---
{
  "diagnostics": [],
  "format": "velme-cli/1",
  "notices": [],
  "results": [
    {
      "diagnostics": [
        {
          "code": "VL0703",
          "file": "add.velme",
          "labels": [],
          "message": "The built version of `Add` was changed or damaged.",
          "notes": [
            "artifact b3:27e0d330aefe3e5ed537d0a7d8eccbcf64b0801b3617d50c649e3dab31887374 now hashes to b3:5e91391be2a6e5fcd3399556b7dea87af8e9b114a499b5f4bc3cf3aac7d56d38"
          ],
          "severity": "error",
          "span": {
            "column": 1,
            "end": 315,
            "line": 4,
            "start": 116
          }
        }
      ],
      "goal": "Add",
      "status": "failed"
    }
  ],
  "status": "failed"
}
