---
source: crates/velme-cli/tests/codes.rs
expression: redact(&human.stderr)
---
Error: The built version of `Add` was changed or damaged.  [VL0703]
    ╭─[ add.velme:4:1 ]
    │
  4 │ ╭─▶ goal Add(a: Number, b: Number) -> Number:
    ┆ ┆   
 11 │ ├─▶         - Add(0.1, 0.2) == 0.3
    │ │                                    
    │ ╰──────────────────────────────────── here
    │     
    │     Note: artifact b3:eb3bdbf705b664b9710a629c28bf70bd19c330c5d02a0b4d01ffe0144fee6dec now hashes to b3:5f34596bda08ed3d083215e00d6a9cebbac93d0537528ea607ff432b8dde2488
────╯
