---
source: crates/velme-cli/tests/codes.rs
expression: human.stderr
input_file: tests/golden/diagnostics/vl0204.velme
---
Error: Expected Number, but got Text.  [VL0204]
   ╭─[ vl0204.velme:7:18 ]
   │
 7 │         - Double("two") == 4
   │                  ──┬──  
   │                    ╰──── here
───╯
