---
source: crates/velme-cli/tests/codes.rs
expression: redact(&human.stderr)
---
Error: The built version of `Add` is missing — run `velme build`.  [VL0701]
    ╭─[ add.velme:4:1 ]
    │
  4 │ ╭─▶ goal Add(a: Number, b: Number) -> Number:
    ┆ ┆   
 11 │ ├─▶         - Add(0.1, 0.2) == 0.3
    │ │                                    
    │ ╰──────────────────────────────────── here
    │     
    │     Note: there is no file for artifact b3:27e0d330aefe3e5ed537d0a7d8eccbcf64b0801b3617d50c649e3dab31887374
────╯
