---
source: crates/velme-cli/tests/codes.rs
expression: redact(&human.stderr)
---
Error: The Anthropic provider needs an API key, and there isn't one.  [VL0405]
   ╭─[ game.velme:3:1 ]
   │
 3 │ ╭─▶ goal Double(n: Number) -> Number:
   ┆ ┆   
 6 │ ├─▶         - Double(2) == 4
   │ │                              
   │ ╰────────────────────────────── here
   │     
   │     Help: set `VELME_API_KEY` (or `ANTHROPIC_API_KEY`) in the environment; Velme reads a key from nowhere else
───╯
