---
source: crates/velme-cli/tests/run.rs
expression: printed
---
{
  "format": "velme-cli/1",
  "status": "ok",
  "results": [
    {
      "goal": "CreateLevelSummary",
      "status": "ok",
      "diagnostics": [],
      "result": {
        "score": 120,
        "difficulty": "Medium",
        "reward": 270
      },
      "trace": {
        "version": 1,
        "file": "level_summary.velme",
        "reproducible": true,
        "goal": {
          "goal": "CreateLevelSummary",
          "artifact": "b3:a771091a79e5648d4468b81715a778c053e860d17746a966f46d16f62342298f",
          "kind": "composite",
          "inputs": [
            {
              "name": "level",
              "value": {
                "enemy_count": 7,
                "treasure_count": 3,
                "base_score": 120
              }
            }
          ],
          "outcome": "ok",
          "value": {
            "score": 120,
            "difficulty": "Medium",
            "reward": 270
          },
          "fuel": 24,
          "memory": 72,
          "calls": [
            {
              "binding": "enemies",
              "goal": "CountEnemies",
              "wave": 1,
              "args": [
                {
                  "value": {
                    "enemy_count": 7,
                    "treasure_count": 3,
                    "base_score": 120
                  }
                }
              ],
              "outcome": "ok",
              "value": 7,
              "run": {
                "goal": "CountEnemies",
                "artifact": "b3:89894a93af8cc56352ae81bfd0bd02cf92cb286886b718f42d1135a6d3974ec8",
                "kind": "leaf",
                "inputs": [
                  {
                    "name": "level",
                    "value": {
                      "enemy_count": 7,
                      "treasure_count": 3,
                      "base_score": 120
                    }
                  }
                ],
                "outcome": "ok",
                "value": 7,
                "fuel": 6,
                "memory": 0,
                "calls": [],
                "checks": [
                  {
                    "text": "result == level.enemy_count",
                    "span": {
                      "start": 294,
                      "end": 321
                    },
                    "passed": true,
                    "values": []
                  }
                ]
              }
            },
            {
              "binding": "treasures",
              "goal": "CountTreasures",
              "wave": 1,
              "args": [
                {
                  "value": {
                    "enemy_count": 7,
                    "treasure_count": 3,
                    "base_score": 120
                  }
                }
              ],
              "outcome": "ok",
              "value": 3,
              "run": {
                "goal": "CountTreasures",
                "artifact": "b3:18943682dd2ba62f170c10a83203572ed7009df8ff70ace68ad7e1169e7819d0",
                "kind": "leaf",
                "inputs": [
                  {
                    "name": "level",
                    "value": {
                      "enemy_count": 7,
                      "treasure_count": 3,
                      "base_score": 120
                    }
                  }
                ],
                "outcome": "ok",
                "value": 3,
                "fuel": 6,
                "memory": 0,
                "calls": [],
                "checks": [
                  {
                    "text": "result == level.treasure_count",
                    "span": {
                      "start": 436,
                      "end": 466
                    },
                    "passed": true,
                    "values": []
                  }
                ]
              }
            },
            {
              "binding": "score",
              "goal": "CalculateLevelScore",
              "wave": 1,
              "args": [
                {
                  "value": {
                    "enemy_count": 7,
                    "treasure_count": 3,
                    "base_score": 120
                  }
                }
              ],
              "outcome": "ok",
              "value": 120,
              "run": {
                "goal": "CalculateLevelScore",
                "artifact": "b3:1ab239b3cbcf89fa9ec224da481fc9298e65540ab0e2cb853f9619f2c1d905a6",
                "kind": "leaf",
                "inputs": [
                  {
                    "name": "level",
                    "value": {
                      "enemy_count": 7,
                      "treasure_count": 3,
                      "base_score": 120
                    }
                  }
                ],
                "outcome": "ok",
                "value": 120,
                "fuel": 6,
                "memory": 0,
                "calls": [],
                "checks": [
                  {
                    "text": "result == level.base_score",
                    "span": {
                      "start": 582,
                      "end": 608
                    },
                    "passed": true,
                    "values": []
                  }
                ]
              }
            },
            {
              "binding": "difficulty",
              "goal": "RateDifficulty",
              "wave": 2,
              "args": [
                {
                  "value": 7
                },
                {
                  "value": 3
                }
              ],
              "outcome": "ok",
              "value": "Medium",
              "run": {
                "goal": "RateDifficulty",
                "artifact": "b3:a2efc258d77e726433bd204bb804d5604c360d828426f88e9ca20bbad1f6bd11",
                "kind": "leaf",
                "inputs": [
                  {
                    "name": "enemies",
                    "value": 7
                  },
                  {
                    "name": "treasures",
                    "value": 3
                  }
                ],
                "outcome": "ok",
                "value": "Medium",
                "fuel": 9,
                "memory": 0,
                "calls": [],
                "checks": []
              }
            },
            {
              "binding": "reward",
              "goal": "CalculateReward",
              "wave": 2,
              "args": [
                {
                  "value": 120
                },
                {
                  "value": 3
                }
              ],
              "outcome": "ok",
              "value": 270,
              "run": {
                "goal": "CalculateReward",
                "artifact": "b3:adefc080f899e3e9bc52a6c98f1070cace5f445a3fed443ff73a82d6026673f1",
                "kind": "leaf",
                "inputs": [
                  {
                    "name": "score",
                    "value": 120
                  },
                  {
                    "name": "treasures",
                    "value": 3
                  }
                ],
                "outcome": "ok",
                "value": 270,
                "fuel": 5,
                "memory": 0,
                "calls": [],
                "checks": []
              }
            }
          ],
          "checks": [
            {
              "text": "result.score == score",
              "span": {
                "start": 1671,
                "end": 1692
              },
              "passed": true,
              "values": []
            },
            {
              "text": "result.difficulty == difficulty",
              "span": {
                "start": 1703,
                "end": 1734
              },
              "passed": true,
              "values": []
            },
            {
              "text": "result.reward == reward",
              "span": {
                "start": 1745,
                "end": 1768
              },
              "passed": true,
              "values": []
            }
          ]
        }
      },
      "calls": [
        {
          "binding": "enemies",
          "goal": "CountEnemies",
          "status": "ok"
        },
        {
          "binding": "treasures",
          "goal": "CountTreasures",
          "status": "ok"
        },
        {
          "binding": "score",
          "goal": "CalculateLevelScore",
          "status": "ok"
        },
        {
          "binding": "difficulty",
          "goal": "RateDifficulty",
          "status": "ok"
        },
        {
          "binding": "reward",
          "goal": "CalculateReward",
          "status": "ok"
        }
      ]
    }
  ],
  "diagnostics": [],
  "notices": []
}
