---
source: crates/velme-cli/tests/run.rs
expression: run.stdout
---
{
  "format": "velme-cli/1",
  "status": "ok",
  "results": [
    {
      "goal": "OrderTotal",
      "status": "ok",
      "diagnostics": [],
      "result": 40,
      "calls": [
        {
          "binding": "subtotal",
          "goal": "Subtotal",
          "status": "ok"
        },
        {
          "binding": "discounted",
          "goal": "Discount",
          "status": "ok"
        },
        {
          "binding": "result",
          "goal": "Shipping",
          "status": "ok"
        }
      ]
    }
  ],
  "diagnostics": [],
  "notices": []
}
