---
source: crates/velme-cli/tests/run.rs
expression: first.stdout
---
BuildPlayerSummary  composite  ✓  fuel 22, memory 80 bytes
  artifact b3:8262d736918e69bff8e426a37519ff6d30d32e7bd6cb0f9791215bd7937d0fa7
  input player = {"name":"Lina","jump_height":3,"score":820}
  wave 1: score = CalculateScore({"name":"Lina","jump_height":3,"score":820})  ✓  820
    CalculateScore  leaf  ✓  fuel 6, memory 0 bytes
      artifact b3:a3aab423f61eaaf77aa03875b31b7a28b31d5053d936c52c9b32fda1d91a5a60
      input player = {"name":"Lina","jump_height":3,"score":820}
      check `result == player.score`  ✓
  wave 1: badge = FindBadge({"name":"Lina","jump_height":3,"score":820})  ✓  "Silver"
    FindBadge  leaf  ✓  fuel 20, memory 0 bytes
      artifact b3:9a4183858560970b3f3f57ad90706c17f2afcfcd4b42c1db903d912e16ea1b40
      input player = {"name":"Lina","jump_height":3,"score":820}
      check `result == "Gold" or result == "Silver" or result == "Bronze"`  ✓
  check `result.name == player.name`  ✓
  check `result.score == score`  ✓
  check `result.badge == badge`  ✓

Result:
{
  "name": "Lina",
  "score": 820,
  "badge": "Silver"
}
