---
source: crates/velme-cli/tests/run.rs
expression: run.stdout
---
{
  "format": "velme-cli/1",
  "status": "ok",
  "results": [
    {
      "goal": "CreateLevelSummary",
      "status": "ok",
      "diagnostics": [],
      "result": {
        "score": 120,
        "difficulty": "Medium",
        "reward": 270
      }
    }
  ],
  "diagnostics": [],
  "notices": []
}
