---
source: crates/velme-cli/tests/run.rs
expression: run.stderr
---
Error: `Add` didn't pass its check: `result == a + b`.  [VL0501]
   ╭─[ add.velme:7:11 ]
   │
 7 │         - result == a + b
   │           ───────┬───────  
   │                  ╰───────── here
   │ 
   │ Note 1: Expected: 5
   │ 
   │ Note 2: Received: 6
   │ 
   │ Note 3: `result` = 6
   │ 
   │ Note 4: `a` = 2
   │ 
   │ Note 5: `b` = 3
   │ 
   │ Note 6: input `a` = 2
   │ 
   │ Note 7: input `b` = 3
───╯
