---
source: crates/velme-syntax/tests/parser.rs
expression: "serde_json::to_string_pretty(&diagnostics_json(&diags)).expect(\"JSON value serializes\")"
input_file: tests/golden/parser/reject/param_missing_type.velme
---
[
  {
    "code": "VL0101",
    "help": "give `x` a type, like `x: Number`",
    "message": "I didn't expect `)` here — I was looking for `:`.",
    "severity": "error",
    "span": [
      99,
      100
    ]
  },
  {
    "code": "VL0101",
    "help": null,
    "message": "I didn't expect `result` here — I was looking for `)` or a name.",
    "severity": "error",
    "span": [
      134,
      140
    ]
  }
]
