---
source: crates/velme-interp/tests/interp.rs
assertion_line: 149
expression: out
input_file: tests/golden/ir/accept/find_highest_jumper.json
---
{"players":[{"jump_height":2,"name":"Ana","score":10},{"jump_height":3,"name":"Lina","score":20},{"jump_height":3.0,"name":"Bo","score":30}]} -> {"name":"Lina","jump_height":3,"score":20} (fuel 30)
{"players":[]} -> null (fuel 6)
